<html>
<body>
<pre>
<h1>µVision Build Log</h1>
<h2>Project:</h2>
D:\arm\New folder\serialinputtoo.uvproj
Project File Date:  07/21/2024

<h2>Output:</h2>
Build target 'Target 1'
compiling fdd.c...
linking...
Program Size: Code=1916 RO-data=16 RW-data=0 ZI-data=1256  
FromELF: creating hex file...
".\serialinputtoo.axf" - 0 Error(s), 0 Warning(s).
</pre>
</body>
</html>

1 Error(s), 0 Warning(s).
Target not created
compiling fdd.c...
"fdd.c" - 0 Error(s), 0 Warning(s).
nputtoo.axf" - 2 Error(s), 0 Warning(s).
Target not created

      uint32_t Fdiv = (15000000 / 16) / baudrate; 
fdd.c: 0 warnings, 1 error
"fdd.c" - 1 Error(s), 0 Warning(s).
#1-D: last line of file ends without a newline
  }
fdd.c: 1 warning, 0 errors
"fdd.c" - 0 Error(s), 1 Warning(s).
