<html>
<body>
<pre>
<h1>µVision Build Log</h1>
<h2>Project:</h2>
D:\arm\stepper\main.uvproj
Project File Date:  07/01/2024

<h2>Output:</h2>
Build target 'Target 1'
linking...
Program Size: Code=592 RO-data=32 RW-data=0 ZI-data=1256  
FromELF: creating hex file...
".\main.axf" - 0 Error(s), 0 Warning(s).
compiling stepper.c...
stepper.c(35): warning:  #111-D: statement is unreachable
   return(0);
stepper.c: 1 warning, 0 errors
"stepper.c" - 0 Error(s), 1 Warning(s).
</pre>
</body>
</html>
