<html>
<body>
<pre>
<h1>µVision Build Log</h1>
<h2>Project:</h2>
D:\arm\stepper\timmer.uvproj
Project File Date:  07/06/2024

<h2>Output:</h2>
Rebuild target 'Target 1'
compiling timmer.c...
timmer.c(5): warning:  #1295-D: Deprecated declaration pll_init - give arg types
  void pll_init();
timmer.c: 1 warning, 0 errors
linking...
Program Size: Code=728 RO-data=16 RW-data=0 ZI-data=96  
FromELF: creating hex file...
".\timmer.axf" - 0 Error(s), 1 Warning(s).
</pre>
</body>
</html>
