<html>
<body>
<pre>
<h1>µVision Build Log</h1>
<h2>Project:</h2>
D:\arm\stepper\timmer2.uvproj
Project File Date:  07/08/2024

<h2>Output:</h2>
Rebuild target 'Target 1'
assembling Startup.s...
compiling timmer.c...
timmer.c(4): warning:  #1295-D: Deprecated declaration pll_init - give arg types
  void pll_init();
timmer.c: 1 warning, 0 errors
linking...
Program Size: Code=832 RO-data=16 RW-data=0 ZI-data=1256  
".\timmer2.axf" - 0 Error(s), 1 Warning(s).
</pre>
</body>
</html>
mer.c(4): warning:  #1295-D: Deprecated declaration pll_init - give arg types
  void pll_init();
timmer.c: 1 warning, 0 errors
"timmer.c" - 0 Error(s), 1 Warning(s).
 - give arg types
  void pll_init();
timmer.c: 1 warning, 0 errors
"timmer.c" - 0 Error(s), 1 Warning(s).
r (unsigned int i = 0; i < ms; i++) {
timmer.c(39): error:  #20: identifier "i" is undefined
      for (unsigned int i = 0; i < ms; i++) {
timmer.c: 1 warning, 2 errors
"timmer.c" - 2 Error(s), 1 Warning(s).
compiling timmer.c...
timmer.c(4): warning:  #1295-D: Deprecated declaration pll_init - give arg types
  void pll_init();
timmer.c(39): error:  #29: expected an expression
      for (unsigned int i=0;i<ms;i++) {
timmer.c(39): error:  #20: identifier "i" is undefined
      for (unsigned int i=0;i<ms;i++) {
timmer.c: 1 warning, 2 errors
"timmer.c" - 2 Error(s), 1 Warning(s).
