<html>
<body>
<pre>
<h1>µVision Build Log</h1>
<h2>Project:</h2>
D:\arm\UartExample1\UartExample1.uvproj
Project File Date:  07/15/2024

<h2>Output:</h2>
Build target 'Target 1'
linking...
Program Size: Code=2516 RO-data=32 RW-data=40 ZI-data=1256  
FromELF: creating hex file...
".\UartExample1.axf" - 0 Error(s), 0 Warning(s).
</pre>
</body>
</html>
.\UartExample1.axf" - 0 Error(s), 0 Warning(s).
compiling main.c...
"main.c" - 0 Error(s), 0 Warning(s).

"main.c" - 0 Error(s), 0 Warning(s).
xf" - 0 Error(s), 1 Warning(s).
compiling main.c...
main.c(80): error:  #165: too few arguments in function call
              write(receivedChar);       // Display the received character on the LCD
main.c: 0 warnings, 1 error
"main.c" - 1 Error(s), 0 Warning(s).
