<html>
<body>
<pre>
<h1>µVision Build Log</h1>
<h2>Project:</h2>
D:\arm\rtc\jbv.uvproj
Project File Date:  08/03/2024

<h2>Output:</h2>
Rebuild target 'Target 1'
assembling Startup.s...
compiling RTC main.c...
RTC main.c(40): warning:  #177-D: variable "i" was declared but never referenced
   int i;
RTC main.c: 1 warning, 0 errors
linking...
Program Size: Code=1764 RO-data=32 RW-data=16 ZI-data=1256  
FromELF: creating hex file...
".\jbv.axf" - 0 Error(s), 1 Warning(s).
</pre>
</body>
</html>
77-D: variable "i" was declared but never referenced
   int i;
RTC main.c: 1 warning, 0 errors
"RTC main.c" - 0 Error(s), 1 Warning(s).
0 Error(s), 1 Warning(s).
