<html>
<body>
<pre>
<h1>µVision Build Log</h1>
<h2>Project:</h2>
D:\arm\counter.uvproj
Project File Date:  07/09/2024

<h2>Output:</h2>
Rebuild target 'Target 1'
assembling Startup.s...
compiling COUNTING_PULSE[1].c...
linking...
Program Size: Code=1464 RO-data=32 RW-data=4 ZI-data=1260  
".\counter.axf" - 0 Error(s), 0 Warning(s).
</pre>
</body>
</html>
ror
"files\COUNTING_PULSE[1].c" - 1 Error(s), 0 Warning(s).
compiling COUNTING_PULSE[1].c...
"files\COUNTING_PULSE[1].c" - 0 Error(s), 0 Warning(s).
